[wmkiri.mydurable.com/frfe5c.html]
[static.thenounproject.com/png/562015-200.png]
[backblue.gif]
[fade.gif]
[index.html]
[wmkiri.mydurable.com/_next/static/css/5a31f17a03f15af3.css]
[wmkiri.mydurable.com/_next/static/css/c2c4e2b9bf1b95af.css]
[wmkiri.mydurable.com/_next/static/chunks/polyfills-c67a75d1b6f99dc8.js]
[wmkiri.mydurable.com/_next/static/chunks/8654.4e9822069849c6e2.js]
[wmkiri.mydurable.com/indexcbee.html]
[wmkiri.mydurable.com/_next/static/chunks/6383.7f7d4ce3f2ba28b3.js]
[wmkiri.mydurable.com/_next/static/chunks/3509.cca710dc64b31110.js]
[wmkiri.mydurable.com/_next/static/chunks/866.28e311d7597f34fe.js]
[wmkiri.mydurable.com/_next/static/chunks/3752.24bee15cbb550d8d.js]
[wmkiri.mydurable.com/_next/static/chunks/258.223c7a953dacb9a0.js]
[wmkiri.mydurable.com/_next/static/chunks/5500.e4bccca8994f5514.js]
[wmkiri.mydurable.com/_next/static/chunks/webpack-dee285df278d1697.js]
[wmkiri.mydurable.com/_next/static/chunks/framework-93b89dc25365d5c7.js]
[wmkiri.mydurable.com/_next/static/chunks/main-774beccdcda49e8f.js]
[wmkiri.mydurable.com/_next/static/chunks/pages/_app-1e7715537e5dc341.js]
[wmkiri.mydurable.com/_next/static/chunks/2379-407b804abe85df0d.js]
[wmkiri.mydurable.com/_next/static/chunks/9623-f34fd1c22081c214.js]
[wmkiri.mydurable.com/_next/static/chunks/pages/[[...slug]]-1d5d5ce4ad947809.js]
[wmkiri.mydurable.com/_next/static/xpLf7MyhfkpPDmIfHeGfB/_buildManifest.js]
[wmkiri.mydurable.com/_next/static/xpLf7MyhfkpPDmIfHeGfB/_ssgManifest.js]
[wmkiri.mydurable.com/fr.html]
[wmkiri.mydurable.com/_https_/static.thenounproject.com/png/562015-200.html]
[wmkiri.mydurable.com/_next/photo-1512295767273-ac109ac3acfa9abc.jpeg]
[wmkiri.mydurable.com/_next/3OL9NHVSR81JpaSsGYTHabAy5JKes0cdbKPimAJHY9hBzj2Zgb0xBOk5DPJkt9os4304.jpeg]
[wmkiri.mydurable.com/_next/photo-1611241893603-3c359704e0eee7b5.jpeg]
[wmkiri.mydurable.com/_next/photo-1611532736597-de2d4265fba3b68e.jpeg]
[wmkiri.mydurable.com/_next/9yQpSchZWkwr3f8vA6KGoNDtxJZomlsgfrHUIrzt74AaCOOK1UxIXBc3FE6NXSWO4787.jpeg]
[wmkiri.mydurable.com/_next/daa6qVP2dajI4gpdHSJuyNcudvBdhSs5OQhFx6YqJxQkU5rCuT1Yjiryxr1XbFsy5cff.jpeg]
[wmkiri.mydurable.com/_next/12ucQXphJgiz6BgI5G41LESxQfwcAN7e9PAfTSAGaRdf6NyNc6nEOj7PSsLVzYR50d05.png]
[wmkiri.mydurable.com/_next/13yB0TUCHvvYcMQeoODhU0FnStHqrjhrV0oSnJi6mQjzCXnoTYu7O4vnr3t6A98275fc.jpeg]
[wmkiri.mydurable.com/_next/photo-1506794778202-cad84cf45f1d20d4.jpeg]
[wmkiri.mydurable.com/_next/19I66lYehWzlMQ4mKK9IgKERScWFZReUq6YtNoOizysZW62iwGynQMhFAjmXJP7be219.jpeg]
[wmkiri.mydurable.com/frfe5c.html]
[wmkiri.mydurable.com/indexcbee.html]
[wmkiri.mydurable.com/_next/static/css/5a31f17a03f15af3.css]
[wmkiri.mydurable.com/_next/static/css/c2c4e2b9bf1b95af.css]
[wmkiri.mydurable.com/cf-fonts/v/archivo-narrow/5.0.18/latin/wght/normal.html]
[wmkiri.mydurable.com/cf-fonts/v/archivo-narrow/5.0.18/vietnamese/wght/normal.html]
[wmkiri.mydurable.com/cf-fonts/v/archivo-narrow/5.0.18/latin-ext/wght/normal.html]
[wmkiri.mydurable.com/cf-fonts/v/crimson-pro/5.0.16/vietnamese/wght/normal.html]
[wmkiri.mydurable.com/cf-fonts/v/crimson-pro/5.0.16/latin/wght/normal.html]
[wmkiri.mydurable.com/cf-fonts/v/crimson-pro/5.0.16/latin-ext/wght/normal.html]
[wmkiri.mydurable.com/fr.html]
[wmkiri.mydurable.com/index.html]
[wmkiri.mydurable.com/_https_/static.thenounproject.com/png/562015-200.html]
[wmkiri.mydurable.com/index.html]
[wmkiri.mydurable.com/_https_/static.thenounproject.com/png/_https_/static.thenounproject.com/png/562015-200.html]
[wmkiri.mydurable.com/_https_/static.thenounproject.com/png/_https_/static.thenounproject.com/png/562015-200.html]
[wmkiri.mydurable.com/_https_/static.thenounproject.com/png/_https_/static.thenounproject.com/png/_https_/static.thenounproject.com/png/562015-200.html]
[wmkiri.mydurable.com/_https_/static.thenounproject.com/png/_https_/static.thenounproject.com/png/_https_/static.thenounproject.com/png/562015-200.html]
[wmkiri.mydurable.com/_https_/static.thenounproject.com/png/_https_/static.thenounproject.com/png/_https_/static.thenounproject.com/png/_https_/static.thenounproject.com/png/562015-200.html]
[wmkiri.mydurable.com/_https_/static.thenounproject.com/png/_https_/static.thenounproject.com/png/_https_/static.thenounproject.com/png/_https_/static.thenounproject.com/png/562015-200.html]
[wmkiri.mydurable.com/_https_/static.thenounproject.com/png/_https_/static.thenounproject.com/png/_https_/static.thenounproject.com/png/_https_/static.thenounproject.com/png/_https_/static.the/562015-200.2e.delaye]
[wmkiri.mydurable.com/_https_/static.thenounproject.com/png/_https_/static.thenounproject.com/png/_https_/static.thenounproject.com/png/_https_/static.thenounproject.com/png/_https_/static.the/562015-200.2f.delaye]
[wmkiri.mydurable.com/_https_/static.thenounproject.com/png/_https_/static.thenounproject.com/png/_https_/static.thenounproject.com/png/_https_/static.thenounproject.com/png/_https_/static.the/562015-200.2f.delaye]
[wmkiri.mydurable.com/_https_/static.thenounproject.com/png/_https_/static.thenounproject.com/png/_https_/static.thenounproject.com/png/_https_/static.thenounproject.com/png/_https_/static.the/562015-200.30.delaye]
[wmkiri.mydurable.com/_https_/static.thenounproject.com/png/_https_/static.thenounproject.com/png/_https_/static.thenounproject.com/png/_https_/static.thenounproject.com/png/_https_/static.the/562015-200.31.delaye]
[wmkiri.mydurable.com/_https_/static.thenounproject.com/png/_https_/static.thenounproject.com/png/_https_/static.thenounproject.com/png/_https_/static.thenounproject.com/png/_https_/static.the/562015-200.31.delaye]
[wmkiri.mydurable.com/_https_/static.thenounproject.com/png/_https_/static.thenounproject.com/png/_https_/static.thenounproject.com/png/_https_/static.thenounproject.com/png/_https_/static.the/562015-200.32.delaye]
[wmkiri.mydurable.com/_https_/static.thenounproject.com/png/_https_/static.thenounproject.com/png/_https_/static.thenounproject.com/png/_https_/static.thenounproject.com/png/_https_/static.the/562015-200.33.delaye]
[wmkiri.mydurable.com/_https_/static.thenounproject.com/png/_https_/static.thenounproject.com/png/_https_/static.thenounproject.com/png/_https_/static.thenounproject.com/png/_https_/static.the/562015-200.33.delaye]
[wmkiri.mydurable.com/_https_/static.thenounproject.com/png/_https_/static.thenounproject.com/png/_https_/static.thenounproject.com/png/_https_/static.thenounproject.com/png/_https_/static.the/562015-200.34.delaye]
[wmkiri.mydurable.com/_https_/static.thenounproject.com/png/_https_/static.thenounproject.com/png/_https_/static.thenounproject.com/png/_https_/static.thenounproject.com/png/_https_/static.the/562015-200.35.delaye]
[wmkiri.mydurable.com/_https_/static.thenounproject.com/png/_https_/static.thenounproject.com/png/_https_/static.thenounproject.com/png/_https_/static.thenounproject.com/png/_https_/static.the/562015-200.35.delaye]
[wmkiri.mydurable.com/_https_/static.thenounproject.com/png/_https_/static.thenounproject.com/png/_https_/static.thenounproject.com/png/_https_/static.thenounproject.com/png/_https_/static.the/562015-200.36.delaye]
[wmkiri.mydurable.com/_https_/static.thenounproject.com/png/_https_/static.thenounproject.com/png/_https_/static.thenounproject.com/png/_https_/static.thenounproject.com/png/_https_/static.the/562015-200.37.delaye]
[wmkiri.mydurable.com/_https_/static.thenounproject.com/png/_https_/static.thenounproject.com/png/_https_/static.thenounproject.com/png/_https_/static.thenounproject.com/png/_https_/static.the/562015-200.37.delaye]
[wmkiri.mydurable.com/_https_/static.thenounproject.com/png/_https_/static.thenounproject.com/png/_https_/static.thenounproject.com/png/_https_/static.thenounproject.com/png/_https_/static.the/562015-200.38.delaye]
[wmkiri.mydurable.com/_https_/static.thenounproject.com/png/_https_/static.thenounproject.com/png/_https_/static.thenounproject.com/png/_https_/static.thenounproject.com/png/_https_/static.the/562015-200.39.delaye]
[wmkiri.mydurable.com/_https_/static.thenounproject.com/png/_https_/static.thenounproject.com/png/_https_/static.thenounproject.com/png/_https_/static.thenounproject.com/png/_https_/static.the/562015-200.39.delaye]
[wmkiri.mydurable.com/_https_/static.thenounproject.com/png/_https_/static.thenounproject.com/png/_https_/static.thenounproject.com/png/_https_/static.thenounproject.com/png/_https_/static.the/562015-200.3a.delaye]
[wmkiri.mydurable.com/_https_/static.thenounproject.com/png/_https_/static.thenounproject.com/png/_https_/static.thenounproject.com/png/_https_/static.thenounproject.com/png/_https_/static.the/562015-200.3b.delaye]
[wmkiri.mydurable.com/_https_/static.thenounproject.com/png/_https_/static.thenounproject.com/png/_https_/static.thenounproject.com/png/_https_/static.thenounproject.com/png/_https_/static.the/562015-200.3b.delaye]
[wmkiri.mydurable.com/_https_/static.thenounproject.com/png/_https_/static.thenounproject.com/png/_https_/static.thenounproject.com/png/_https_/static.thenounproject.com/png/_https_/static.the/562015-200.3c.delaye]
[wmkiri.mydurable.com/_https_/static.thenounproject.com/png/_https_/static.thenounproject.com/png/_https_/static.thenounproject.com/png/_https_/static.thenounproject.com/png/_https_/static.the/562015-200.3d.delaye]
[wmkiri.mydurable.com/_https_/static.thenounproject.com/png/_https_/static.thenounproject.com/png/_https_/static.thenounproject.com/png/_https_/static.thenounproject.com/png/_https_/static.the/562015-200.3d.delaye]
[wmkiri.mydurable.com/_https_/static.thenounproject.com/png/_https_/static.thenounproject.com/png/_https_/static.thenounproject.com/png/_https_/static.thenounproject.com/png/_https_/static.the/562015-200.3e.delaye]
[wmkiri.mydurable.com/_https_/static.thenounproject.com/png/_https_/static.thenounproject.com/png/_https_/static.thenounproject.com/png/_https_/static.thenounproject.com/png/_https_/static.the/562015-200.3f.delaye]
[wmkiri.mydurable.com/_https_/static.thenounproject.com/png/_https_/static.thenounproject.com/png/_https_/static.thenounproject.com/png/_https_/static.thenounproject.com/png/_https_/static.the/562015-200.3f.delaye]
[wmkiri.mydurable.com/_https_/static.thenounproject.com/png/_https_/static.thenounproject.com/png/_https_/static.thenounproject.com/png/_https_/static.thenounproject.com/png/_https_/static.the/562015-200.40.delaye]
[wmkiri.mydurable.com/_https_/static.thenounproject.com/png/_https_/static.thenounproject.com/png/_https_/static.thenounproject.com/png/_https_/static.thenounproject.com/png/_https_/static.the/562015-200.41.delaye]
[wmkiri.mydurable.com/_https_/static.thenounproject.com/png/_https_/static.thenounproject.com/png/_https_/static.thenounproject.com/png/_https_/static.thenounproject.com/png/_https_/static.the/562015-200.41.delaye]
[wmkiri.mydurable.com/_https_/static.thenounproject.com/png/_https_/static.thenounproject.com/png/_https_/static.thenounproject.com/png/_https_/static.thenounproject.com/png/_https_/static.the/562015-200.42.delaye]
[wmkiri.mydurable.com/_https_/static.thenounproject.com/png/_https_/static.thenounproject.com/png/_https_/static.thenounproject.com/png/_https_/static.thenounproject.com/png/_https_/static.the/562015-200.43.delaye]
[wmkiri.mydurable.com/_https_/static.thenounproject.com/png/_https_/static.thenounproject.com/png/_https_/static.thenounproject.com/png/_https_/static.thenounproject.com/png/_https_/static.the/562015-200.43.delaye]
[wmkiri.mydurable.com/_https_/static.thenounproject.com/png/_https_/static.thenounproject.com/png/_https_/static.thenounproject.com/png/_https_/static.thenounproject.com/png/_https_/static.the/562015-200.44.delaye]
[wmkiri.mydurable.com/_https_/static.thenounproject.com/png/_https_/static.thenounproject.com/png/_https_/static.thenounproject.com/png/_https_/static.thenounproject.com/png/_https_/static.the/562015-200.45.delaye]
[wmkiri.mydurable.com/_https_/static.thenounproject.com/png/_https_/static.thenounproject.com/png/_https_/static.thenounproject.com/png/_https_/static.thenounproject.com/png/_https_/static.the/562015-200.45.delaye]
[wmkiri.mydurable.com/_https_/static.thenounproject.com/png/_https_/static.thenounproject.com/png/_https_/static.thenounproject.com/png/_https_/static.thenounproject.com/png/_https_/static.the/562015-200.46.delaye]
[wmkiri.mydurable.com/_https_/static.thenounproject.com/png/_https_/static.thenounproject.com/png/_https_/static.thenounproject.com/png/_https_/static.thenounproject.com/png/_https_/static.the/562015-200.47.delaye]
[wmkiri.mydurable.com/_https_/static.thenounproject.com/png/_https_/static.thenounproject.com/png/_https_/static.thenounproject.com/png/_https_/static.thenounproject.com/png/_https_/static.the/562015-200.47.delaye]
[wmkiri.mydurable.com/_https_/static.thenounproject.com/png/_https_/static.thenounproject.com/png/_https_/static.thenounproject.com/png/_https_/static.thenounproject.com/png/_https_/static.the/562015-200.48.delaye]
[wmkiri.mydurable.com/_https_/static.thenounproject.com/png/_https_/static.thenounproject.com/png/_https_/static.thenounproject.com/png/_https_/static.thenounproject.com/png/_https_/static.the/562015-200.49.delaye]
[wmkiri.mydurable.com/_https_/static.thenounproject.com/png/_https_/static.thenounproject.com/png/_https_/static.thenounproject.com/png/_https_/static.thenounproject.com/png/_https_/static.the/562015-200.49.delaye]
[wmkiri.mydurable.com/_https_/static.thenounproject.com/png/_https_/static.thenounproject.com/png/_https_/static.thenounproject.com/png/_https_/static.thenounproject.com/png/_https_/static.the/562015-200.4a.delaye]
[wmkiri.mydurable.com/_https_/static.thenounproject.com/png/_https_/static.thenounproject.com/png/_https_/static.thenounproject.com/png/_https_/static.thenounproject.com/png/_https_/static.the/562015-200.4b.delaye]
[wmkiri.mydurable.com/_https_/static.thenounproject.com/png/_https_/static.thenounproject.com/png/_https_/static.thenounproject.com/png/_https_/static.thenounproject.com/png/_https_/static.the/562015-200.4b.delaye]
[wmkiri.mydurable.com/_https_/static.thenounproject.com/png/_https_/static.thenounproject.com/png/_https_/static.thenounproject.com/png/_https_/static.thenounproject.com/png/_https_/static.the/562015-200.4c.delaye]
[wmkiri.mydurable.com/_https_/static.thenounproject.com/png/_https_/static.thenounproject.com/png/_https_/static.thenounproject.com/png/_https_/static.thenounproject.com/png/_https_/static.the/562015-200.4d.delaye]
[wmkiri.mydurable.com/_https_/static.thenounproject.com/png/_https_/static.thenounproject.com/png/_https_/static.thenounproject.com/png/_https_/static.thenounproject.com/png/_https_/static.the/562015-200.4d.delaye]
[wmkiri.mydurable.com/_https_/static.thenounproject.com/png/_https_/static.thenounproject.com/png/_https_/static.thenounproject.com/png/_https_/static.thenounproject.com/png/_https_/static.the/562015-200.4e.delaye]
[wmkiri.mydurable.com/_https_/static.thenounproject.com/png/_https_/static.thenounproject.com/png/_https_/static.thenounproject.com/png/_https_/static.thenounproject.com/png/_https_/static.the/562015-200.4f.delaye]
[wmkiri.mydurable.com/_https_/static.thenounproject.com/png/_https_/static.thenounproject.com/png/_https_/static.thenounproject.com/png/_https_/static.thenounproject.com/png/_https_/static.the/562015-200.4f.delaye]
[wmkiri.mydurable.com/_https_/static.thenounproject.com/png/_https_/static.thenounproject.com/png/_https_/static.thenounproject.com/png/_https_/static.thenounproject.com/png/_https_/static.the/562015-200.50.delaye]
[wmkiri.mydurable.com/_https_/static.thenounproject.com/png/_https_/static.thenounproject.com/png/_https_/static.thenounproject.com/png/_https_/static.thenounproject.com/png/_https_/static.the/562015-200.51.delaye]
[wmkiri.mydurable.com/_https_/static.thenounproject.com/png/_https_/static.thenounproject.com/png/_https_/static.thenounproject.com/png/_https_/static.thenounproject.com/png/_https_/static.the/562015-200.51.delaye]
[wmkiri.mydurable.com/_https_/static.thenounproject.com/png/_https_/static.thenounproject.com/png/_https_/static.thenounproject.com/png/_https_/static.thenounproject.com/png/_https_/static.the/562015-200.52.delaye]
[wmkiri.mydurable.com/_https_/static.thenounproject.com/png/_https_/static.thenounproject.com/png/_https_/static.thenounproject.com/png/_https_/static.thenounproject.com/png/_https_/static.the/562015-200.53.delaye]
[wmkiri.mydurable.com/_https_/static.thenounproject.com/png/_https_/static.thenounproject.com/png/_https_/static.thenounproject.com/png/_https_/static.thenounproject.com/png/_https_/static.the/562015-200.53.delaye]
[wmkiri.mydurable.com/_https_/static.thenounproject.com/png/_https_/static.thenounproject.com/png/_https_/static.thenounproject.com/png/_https_/static.thenounproject.com/png/_https_/static.the/562015-200.54.delaye]
[wmkiri.mydurable.com/_https_/static.thenounproject.com/png/_https_/static.thenounproject.com/png/_https_/static.thenounproject.com/png/_https_/static.thenounproject.com/png/_https_/static.the/562015-200.55.delaye]
[wmkiri.mydurable.com/_https_/static.thenounproject.com/png/_https_/static.thenounproject.com/png/_https_/static.thenounproject.com/png/_https_/static.thenounproject.com/png/_https_/static.the/562015-200.55.delaye]
[wmkiri.mydurable.com/_https_/static.thenounproject.com/png/_https_/static.thenounproject.com/png/_https_/static.thenounproject.com/png/_https_/static.thenounproject.com/png/_https_/static.the/562015-200.56.delaye]
[wmkiri.mydurable.com/_https_/static.thenounproject.com/png/_https_/static.thenounproject.com/png/_https_/static.thenounproject.com/png/_https_/static.thenounproject.com/png/_https_/static.the/562015-200.57.delaye]
[wmkiri.mydurable.com/_https_/static.thenounproject.com/png/_https_/static.thenounproject.com/png/_https_/static.thenounproject.com/png/_https_/static.thenounproject.com/png/_https_/static.the/562015-200.57.delaye]
